


ARM Macro Assembler    Page 1 


    1 00000000                 thumb
    2 00000000                 area             moncode, code, readonly
    3 00000000                 export           timer_callback
    4 00000000         
    5 00000000 40010C10 
                       GPIOB_BSRR
                               equ              0x40010C10  ; Bit Set/Reset reg
                                                            ister
    6 00000000         
    7 00000000         ;fonction principale
    8 00000000         timer_callback
                               proc
    9 00000000 4B07            ldr              r3, =GPIOB_BSRR
   10 00000002 6819            ldr              r1, [r3]
   11 00000004 B101            cbz              r1, mise_a_1
   12 00000006 B921            cbnz             r1, mise_a_0
   13 00000008         
   14 00000008         ; mise a 1 de PB1
   15 00000008         mise_a_1
   16 00000008 4B05            ldr              r3, =GPIOB_BSRR
   17 0000000A F04F 0102       mov              r1, #0x00000002
   18 0000000E 6019            str              r1, [r3]
   19 00000010 E004            b                fin
   20 00000012         ;
   21 00000012         mise_a_0
   22 00000012         ; mise a zero de PB1
   23 00000012 4B03            ldr              r3, =GPIOB_BSRR
   24 00000014 F44F 3100       mov              r1, #0x00020000
   25 00000018 6019            str              r1, [r3]
   26 0000001A E7FF            b                fin
   27 0000001C         ;
   28 0000001C         fin
   29 0000001C 4770            bx               lr
   30 0000001E                 endp
   31 0000001E                 end
              00 00 40010C10 
Command Line: --debug --xref --diag_suppress=9931 --cpu=Cortex-M3 --apcs=interw
ork --depend=.\obj\signal.d -o.\obj\signal.o -I.\RTE\_Simu -IC:\Users\Marianne\
AppData\Local\Arm\Packs\ARM\CMSIS\5.6.0\CMSIS\Core\Include -IC:\Users\Marianne\
AppData\Local\Arm\Packs\Keil\STM32F1xx_DFP\2.3.0\Device\Include --predefine="__
EVAL SETA 1" --predefine="__MICROLIB SETA 1" --predefine="__UVISION_VERSION SET
A 529" --predefine="_RTE_ SETA 1" --predefine="STM32F10X_MD SETA 1" --list=sign
al.lst signal.s



ARM Macro Assembler    Page 1 Alphabetic symbol ordering
Relocatable symbols

fin 0000001C

Symbol: fin
   Definitions
      At line 28 in file signal.s
   Uses
      At line 19 in file signal.s
      At line 26 in file signal.s

mise_a_0 00000012

Symbol: mise_a_0
   Definitions
      At line 21 in file signal.s
   Uses
      At line 12 in file signal.s
Comment: mise_a_0 used once
mise_a_1 00000008

Symbol: mise_a_1
   Definitions
      At line 15 in file signal.s
   Uses
      At line 11 in file signal.s
Comment: mise_a_1 used once
moncode 00000000

Symbol: moncode
   Definitions
      At line 2 in file signal.s
   Uses
      None
Comment: moncode unused
timer_callback 00000000

Symbol: timer_callback
   Definitions
      At line 8 in file signal.s
   Uses
      At line 3 in file signal.s
Comment: timer_callback used once
5 symbols



ARM Macro Assembler    Page 1 Alphabetic symbol ordering
Absolute symbols

GPIOB_BSRR 40010C10

Symbol: GPIOB_BSRR
   Definitions
      At line 5 in file signal.s
   Uses
      At line 9 in file signal.s
      At line 16 in file signal.s
      At line 23 in file signal.s

1 symbol
343 symbols in table
