


ARM Macro Assembler    Page 1 


    1 00000000                 thumb
    2 00000000                 area             moncode, code, readonly
    3 00000000         
    4 00000000                 import           TabSin
    5 00000000                 import           TabCos
    6 00000000                 extern           partRe
    7 00000000                 extern           partIm
    8 00000000         
    9 00000000                 export           dft
   10 00000000         
   11 00000000         dft     proc
   12 00000000         
   13 00000000         ;sauvegarde du contenu des registres r4 à r6 et lr
   14 00000000 E92D 41F0       push{r4-r8,      lr}
   15 00000004         
   16 00000004         
   17 00000004         ;les arguments : r0 contient k, r1 contient la table du 
                       signal.
   18 00000004 4A07            ldr              r2, =TabCos ;r2 contient l'@ de
                                                             TabCos
   19 00000006 F7FF FFFE       bl               partRe      ;r0 contient Re(k)
   20 0000000A FB80 7800       smull            r7, r8, r0, r0 ;r7 et r8 contie
                                                            nt Re(k) au carré (
                                                            little-endian)
   21 0000000E         
   22 0000000E 4620            mov              r0, r4      ;on remet k dans r0
                                                            
   23 00000010 4A05            ldr              r2, =TabSin ;r2 contient l'@ de
                                                             TabSin
   24 00000012 F7FF FFFE       bl               partRe      ;r0 contient Im(k)
   25 00000016         
   26 00000016 FBC0 7800       smlal            r7, r8, r0, r0 ;r7 et r8 contie
                                                            nnent M2(k)
   27 0000001A         
   28 0000001A         
   29 0000001A         ; On récupere le résultat
   30 0000001A 4640            mov              r0, r8      ;r6 contien"t les 3
                                                            2 bits de poids for
                                                            t comme on est en l
                                                            ittle endian, on le
                                                            s place dans r0
   31 0000001C         
   32 0000001C         ;restitution du contenu des registres r4 à r6 et lr
   33 0000001C E8BD 41F0       pop{r4-r8,       lr}
   34 00000020         
   35 00000020         
   36 00000020         
   37 00000020 E7FF            b                fin
   38 00000022         fin
   39 00000022 4770            bx               lr
   40 00000024                 endp
   41 00000024                 end
              00000000 
              00000000 
Command Line: --debug --xref --diag_suppress=9931 --cpu=Cortex-M3 --apcs=interw
ork --depend=.\obj\dft.d -o.\obj\dft.o -I.\RTE\_Simu -IC:\Users\jia-g\AppData\L
ocal\Arm\Packs\ARM\CMSIS\5.6.0\CMSIS\Core\Include -IC:\Users\jia-g\AppData\Loca
l\Arm\Packs\Keil\STM32F1xx_DFP\2.3.0\Device\Include --predefine="__EVAL SETA 1"
 --predefine="__MICROLIB SETA 1" --predefine="__UVISION_VERSION SETA 529" --pre



ARM Macro Assembler    Page 2 


define="_RTE_ SETA 1" --predefine="STM32F10X_MD SETA 1" --list=dft.lst dft.s



ARM Macro Assembler    Page 1 Alphabetic symbol ordering
Relocatable symbols

dft 00000000

Symbol: dft
   Definitions
      At line 11 in file dft.s
   Uses
      At line 9 in file dft.s
Comment: dft used once
fin 00000022

Symbol: fin
   Definitions
      At line 38 in file dft.s
   Uses
      At line 37 in file dft.s
Comment: fin used once
moncode 00000000

Symbol: moncode
   Definitions
      At line 2 in file dft.s
   Uses
      None
Comment: moncode unused
3 symbols



ARM Macro Assembler    Page 1 Alphabetic symbol ordering
External symbols

TabCos 00000000

Symbol: TabCos
   Definitions
      At line 5 in file dft.s
   Uses
      At line 18 in file dft.s
Comment: TabCos used once
TabSin 00000000

Symbol: TabSin
   Definitions
      At line 4 in file dft.s
   Uses
      At line 23 in file dft.s
Comment: TabSin used once
partIm 00000000

Symbol: partIm
   Definitions
      At line 7 in file dft.s
   Uses
      None
Comment: partIm unused
partRe 00000000

Symbol: partRe
   Definitions
      At line 6 in file dft.s
   Uses
      At line 19 in file dft.s
      At line 24 in file dft.s

4 symbols
344 symbols in table
