


ARM Macro Assembler    Page 1 


    1 00000000                 thumb
    2 00000000                 area             moncode, code, readonly
    3 00000000         
    4 00000000                 export           partRe
    5 00000000         
    6 00000000 0000003F 
                       masque  equ              0x3F        ; pour faire un mod
                                                            ulo 64 
    7 00000000 00000040 
                       N       equ              64
    8 00000000         
    9 00000000         partRe  proc
   10 00000000         
   11 00000000         ; ici r0 contient k, r1 l'adresse de la table du signal,
                        et r2 l'adresse de la table des cosinus.
   12 00000000         
   13 00000000 F04F 0C00       mov              r12, #0x00  ;on met la variable
                                                             d'itération à zéro
                                                            
   14 00000004 4604            mov              r4, r0      ; on bouge k dans r
                                                            4
   15 00000006 F04F 0000       mov              r0, #0x00   ; on met la valeur 
                                                            qu'on renverra a 0
   16 0000000A         
   17 0000000A         
   18 0000000A         loop
   19 0000000A         
   20 0000000A FB04 F50C       mul              r5, r4, r12 ;r5=ik
   21 0000000E F005 053F       and              r5, #masque ; r5 contient ik mo
                                                            dulo 64 
   22 00000012         
   23 00000012         ; on recupere les valeurs du signal et du cosinus
   24 00000012 F932 5015       ldrsh            r5,  [r2,r5, lsl #0x01] ; r5 co
                                                            ntient cos(ik)
   25 00000016 F931 601C       ldrsh            r6,  [r1,r12, lsl #0x01] 
                                                            ; r6 contient x(i)
   26 0000001A         
   27 0000001A FB05 0006       mla              r0, r5, r6, r0 
                                                            ;r0+=x(i)cos(ik) 
   28 0000001E         
   29 0000001E         ;r12 contient la variable d'iteration
   30 0000001E F10C 0C01       add              r12, #1
   31 00000022 F1BC 0F40       cmp              r12, #N     ; nbe d'itérations
   32 00000026 D1F0            bne              loop
   33 00000028 E7FF            b                fin
   34 0000002A         
   35 0000002A         fin
   36 0000002A         ; Point sur le contenu des registres : r0 = valeur de re
                       tour, r1 = adresse de la table du signal, r2=adresse de 
                       la table des cosinus, r4 = k, le reste est du stockage t
                       emporaire
   37 0000002A         
   38 0000002A         
   39 0000002A 4770            bx               lr
   40 0000002C                 endp
   41 0000002C                 end
Command Line: --debug --xref --diag_suppress=9931 --cpu=Cortex-M3 --apcs=interw
ork --depend=.\obj\partre.d -o.\obj\partre.o -I.\RTE\_Simu -IC:\Users\jia-g\App
Data\Local\Arm\Packs\ARM\CMSIS\5.6.0\CMSIS\Core\Include -IC:\Users\jia-g\AppDat



ARM Macro Assembler    Page 2 


a\Local\Arm\Packs\Keil\STM32F1xx_DFP\2.3.0\Device\Include --predefine="__EVAL S
ETA 1" --predefine="__MICROLIB SETA 1" --predefine="__UVISION_VERSION SETA 529"
 --predefine="_RTE_ SETA 1" --predefine="STM32F10X_MD SETA 1" --list=partre.lst
 partRe.s



ARM Macro Assembler    Page 1 Alphabetic symbol ordering
Relocatable symbols

fin 0000002A

Symbol: fin
   Definitions
      At line 35 in file partRe.s
   Uses
      At line 33 in file partRe.s
Comment: fin used once
loop 0000000A

Symbol: loop
   Definitions
      At line 18 in file partRe.s
   Uses
      At line 32 in file partRe.s
Comment: loop used once
moncode 00000000

Symbol: moncode
   Definitions
      At line 2 in file partRe.s
   Uses
      None
Comment: moncode unused
partRe 00000000

Symbol: partRe
   Definitions
      At line 9 in file partRe.s
   Uses
      At line 4 in file partRe.s
Comment: partRe used once
4 symbols



ARM Macro Assembler    Page 1 Alphabetic symbol ordering
Absolute symbols

N 00000040

Symbol: N
   Definitions
      At line 7 in file partRe.s
   Uses
      At line 31 in file partRe.s
Comment: N used once
masque 0000003F

Symbol: masque
   Definitions
      At line 6 in file partRe.s
   Uses
      At line 21 in file partRe.s
Comment: masque used once
2 symbols
341 symbols in table
