


ARM Macro Assembler    Page 1 


    1 00000000                 thumb
    2 00000000                 area             moncode, code, readonly
    3 00000000         
    4 00000000                 import           TabSin
    5 00000000                 import           TabCos
    6 00000000         
    7 00000000                 export           sommecarre
    8 00000000         
    9 00000000         sommecarre
                               proc
   10 00000000         ;on recup l'argument
   11 00000000         
   12 00000000         ;mettre l'@ de TabSin et TabCos
   13 00000000 4906            ldr              r1, =TabSin ;on met @ de TabSin
                                                            
   14 00000002 4A07            ldr              r2, =TabCos ; on met l'@ de Tab
                                                            Cos
   15 00000004         
   16 00000004         ; on ajoute position et on recup la valeur
   17 00000004 F931 3010       ldrsh            r3,  [r1,r0, lsl #0x01] ; r3 co
                                                            ntient la valeur de
                                                             sin
   18 00000008 F932 C010       ldrsh            r12,  [r2,r0, lsl #0x01] ; r4 c
                                                            ontient la valeur d
                                                            e cos
   19 0000000C         
   20 0000000C FB03 F303       mul              r3,r3
   21 00000010 FB0C FC0C       mul              r12,r12
   22 00000014         
   23 00000014 4463            add              r3,r12
   24 00000016         
   25 00000016         ; On récupere le résultat
   26 00000016 4618            mov              r0, r3
   27 00000018 E7FF            b                fin
   28 0000001A         
   29 0000001A         fin
   30 0000001A 4770            bx               lr
   31 0000001C                 endp
   32 0000001C                 end
              00000000 
              00000000 
Command Line: --debug --xref --diag_suppress=9931 --cpu=Cortex-M3 --apcs=interw
ork --depend=.\obj\sommecarre.d -o.\obj\sommecarre.o -I.\RTE\_Simu -IC:\Users\M
arianne\AppData\Local\Arm\Packs\ARM\CMSIS\5.6.0\CMSIS\Core\Include -IC:\Users\M
arianne\AppData\Local\Arm\Packs\Keil\STM32F1xx_DFP\2.3.0\Device\Include --prede
fine="__EVAL SETA 1" --predefine="__MICROLIB SETA 1" --predefine="__UVISION_VER
SION SETA 529" --predefine="_RTE_ SETA 1" --predefine="STM32F10X_MD SETA 1" --l
ist=sommecarre.lst SommeCarre.s



ARM Macro Assembler    Page 1 Alphabetic symbol ordering
Relocatable symbols

fin 0000001A

Symbol: fin
   Definitions
      At line 29 in file SommeCarre.s
   Uses
      At line 27 in file SommeCarre.s
Comment: fin used once
moncode 00000000

Symbol: moncode
   Definitions
      At line 2 in file SommeCarre.s
   Uses
      None
Comment: moncode unused
sommecarre 00000000

Symbol: sommecarre
   Definitions
      At line 9 in file SommeCarre.s
   Uses
      At line 7 in file SommeCarre.s
Comment: sommecarre used once
3 symbols



ARM Macro Assembler    Page 1 Alphabetic symbol ordering
External symbols

TabCos 00000000

Symbol: TabCos
   Definitions
      At line 5 in file SommeCarre.s
   Uses
      At line 14 in file SommeCarre.s
Comment: TabCos used once
TabSin 00000000

Symbol: TabSin
   Definitions
      At line 4 in file SommeCarre.s
   Uses
      At line 13 in file SommeCarre.s
Comment: TabSin used once
2 symbols
342 symbols in table
