


ARM Macro Assembler    Page 1 


    1 00000000                 thumb
    2 00000000                 area             moncode, code, readonly
    3 00000000         
    4 00000000                 import           TabSin
    5 00000000                 import           TabCos
    6 00000000                 extern           partRe
    7 00000000                 extern           partIm
    8 00000000         
    9 00000000                 export           dft
   10 00000000         
   11 00000000         dft     proc
   12 00000000         
   13 00000000         ;sauvegarde du contenu des registres r4 à r6
   14 00000000 B410            push{r4}
   15 00000002 B420            push{r5}                     ;
   16 00000004 B440            push{r6}                     ;
   17 00000006         
   18 00000006         
   19 00000006         ;les arguments : r0 contient k, r1 contient la table du 
                       signal.
   20 00000006 4A09            ldr              r2, =TabCos ;r2 contient l'@ de
                                                             TabCos
   21 00000008 F7FF FFFE       bl               partRe
   22 0000000C 4605            mov              r5, r0      ;r5 contient Re(k)
   23 0000000E FB85 5605       smull            r5, r6, r5, r5 ;r5 et r6 contie
                                                            nt Re(k) au carré (
                                                            little-endian)
   24 00000012         
   25 00000012 4620            mov              r0, r4      ;on remet k dans r0
                                                            
   26 00000014 4A06            ldr              r2, =TabSin ;r2 contient l'@ de
                                                             TabSin
   27 00000016 F7FF FFFE       bl               partRe      ;r0 contient Im(k)
   28 0000001A         
   29 0000001A FBC0 5600       smlal            r5, r6, r0, r0 ;r5 et r6 contie
                                                            nnent M2(k)
   30 0000001E         
   31 0000001E         
   32 0000001E         ; On récupere le résultat
   33 0000001E 4630            mov              r0, r6      ;r6 contient les 32
                                                             bits de poids fort
                                                             comme on est en li
                                                            ttle endian, on les
                                                             place dans r0
   34 00000020         
   35 00000020         ;restitution du contenu des registres r4 à r6
   36 00000020 BC40            pop{r6}
   37 00000022 BC20            pop{r5}
   38 00000024 BC10            pop{r4}
   39 00000026         
   40 00000026         
   41 00000026         
   42 00000026 E7FF            b                fin
   43 00000028         fin
   44 00000028 4770            bx               lr
   45 0000002A                 endp
   46 0000002A                 end
              00 00 00000000 
              00000000 



ARM Macro Assembler    Page 2 


Command Line: --debug --xref --diag_suppress=9931 --cpu=Cortex-M3 --apcs=interw
ork --depend=.\obj\dft.d -o.\obj\dft.o -I.\RTE\_Simu -IC:\Users\Marianne\AppDat
a\Local\Arm\Packs\ARM\CMSIS\5.6.0\CMSIS\Core\Include -IC:\Users\Marianne\AppDat
a\Local\Arm\Packs\Keil\STM32F1xx_DFP\2.3.0\Device\Include --predefine="__EVAL S
ETA 1" --predefine="__MICROLIB SETA 1" --predefine="__UVISION_VERSION SETA 529"
 --predefine="_RTE_ SETA 1" --predefine="STM32F10X_MD SETA 1" --list=dft.lst df
t.s



ARM Macro Assembler    Page 1 Alphabetic symbol ordering
Relocatable symbols

dft 00000000

Symbol: dft
   Definitions
      At line 11 in file dft.s
   Uses
      At line 9 in file dft.s
Comment: dft used once
fin 00000028

Symbol: fin
   Definitions
      At line 43 in file dft.s
   Uses
      At line 42 in file dft.s
Comment: fin used once
moncode 00000000

Symbol: moncode
   Definitions
      At line 2 in file dft.s
   Uses
      None
Comment: moncode unused
3 symbols



ARM Macro Assembler    Page 1 Alphabetic symbol ordering
External symbols

TabCos 00000000

Symbol: TabCos
   Definitions
      At line 5 in file dft.s
   Uses
      At line 20 in file dft.s
Comment: TabCos used once
TabSin 00000000

Symbol: TabSin
   Definitions
      At line 4 in file dft.s
   Uses
      At line 26 in file dft.s
Comment: TabSin used once
partIm 00000000

Symbol: partIm
   Definitions
      At line 7 in file dft.s
   Uses
      None
Comment: partIm unused
partRe 00000000

Symbol: partRe
   Definitions
      At line 6 in file dft.s
   Uses
      At line 21 in file dft.s
      At line 27 in file dft.s

4 symbols
344 symbols in table
