


ARM Macro Assembler    Page 1 


    1 00000000                 thumb
    2 00000000                 area             moncode, code, readonly
    3 00000000         
    4 00000000                 import           TabCos
    5 00000000                 import           TabSig
    6 00000000         
    7 00000000                 export           partRe
    8 00000000         
    9 00000000         partRe  proc
   10 00000000         ;on recup l'argument
   11 00000000         
   12 00000000 F04F 0C00       mov              r12, #0x00
   13 00000004 E001            b                loop
   14 00000006 F84D CD04       push             {r12}       ; on met un zéro to
                                                            ut en haut de la pi
                                                            le : c'est cette va
                                                            leur qui sera incré
                                                            mentée à la fin de 
                                                            chaque itération
   15 0000000A         
   16 0000000A         loop
   17 0000000A         
   18 0000000A         ;mettre l'@ de la valeur du signal et de Tabcos
   19 0000000A 4A0A            ldr              r2, =TabSig ;on met @ de TabSin
                                                            
   20 0000000C 490A            ldr              r1, =TabCos ; on met l'@ de Tab
                                                            Cos
   21 0000000E         
   22 0000000E FB0C F300       mul              r3, r12, r0 ;r3=ik
   23 00000012         
   24 00000012         ; on ajoute position et on recup la valeur
   25 00000012 F931 1013       ldrsh            r1,  [r1,r3, lsl #0x01] ; r1 co
                                                            ntient cos(ik)
   26 00000016 F932 201C       ldrsh            r2,  [r2,r12, lsl #0x01] 
                                                            ; r2 contient x(i)
   27 0000001A         
   28 0000001A FB01 F102       mul              r1, r2
   29 0000001E BC08            pop              {r3}
   30 00000020 440B            add              r3, r1
   31 00000022 B408            push             {r3}
   32 00000024         
   33 00000024         
   34 00000024         ;r12 contient la variable d'iteration
   35 00000024 F10C 0C01       add              r12, #1
   36 00000028 F1BC 0F40       cmp              r12, #64    ; nbe d'itérations
   37 0000002C D1ED            bne              loop
   38 0000002E E7FF            b                fin
   39 00000030         
   40 00000030         fin
   41 00000030         ; On récupere le résultat
   42 00000030 4618            mov              r0, r3
   43 00000032 4770            bx               lr
   44 00000034                 endp
   45 00000034                 end
              00000000 
              00000000 
Command Line: --debug --xref --diag_suppress=9931 --cpu=Cortex-M3 --apcs=interw
ork --depend=.\obj\partre.d -o.\obj\partre.o -I.\RTE\_Simu -IC:\Users\Marianne\
AppData\Local\Arm\Packs\ARM\CMSIS\5.6.0\CMSIS\Core\Include -IC:\Users\Marianne\



ARM Macro Assembler    Page 2 


AppData\Local\Arm\Packs\Keil\STM32F1xx_DFP\2.3.0\Device\Include --predefine="__
EVAL SETA 1" --predefine="__MICROLIB SETA 1" --predefine="__UVISION_VERSION SET
A 529" --predefine="_RTE_ SETA 1" --predefine="STM32F10X_MD SETA 1" --list=part
re.lst partRe.s



ARM Macro Assembler    Page 1 Alphabetic symbol ordering
Relocatable symbols

fin 00000030

Symbol: fin
   Definitions
      At line 40 in file partRe.s
   Uses
      At line 38 in file partRe.s
Comment: fin used once
loop 0000000A

Symbol: loop
   Definitions
      At line 16 in file partRe.s
   Uses
      At line 13 in file partRe.s
      At line 37 in file partRe.s

moncode 00000000

Symbol: moncode
   Definitions
      At line 2 in file partRe.s
   Uses
      None
Comment: moncode unused
partRe 00000000

Symbol: partRe
   Definitions
      At line 9 in file partRe.s
   Uses
      At line 7 in file partRe.s
Comment: partRe used once
4 symbols



ARM Macro Assembler    Page 1 Alphabetic symbol ordering
External symbols

TabCos 00000000

Symbol: TabCos
   Definitions
      At line 4 in file partRe.s
   Uses
      At line 20 in file partRe.s
Comment: TabCos used once
TabSig 00000000

Symbol: TabSig
   Definitions
      At line 5 in file partRe.s
   Uses
      At line 19 in file partRe.s
Comment: TabSig used once
2 symbols
343 symbols in table
